
[1m[46m RUN [49m[22m [36mv3.2.7 [39m[90mC:/wamp64/www/news-ready-portal/opencode/news-ready-portal[39m

[1m[43m DEPRECATED [49m[22m [33m'basic' reporter is deprecated and will be removed in Vitest v3.
Remove 'basic' from 'reporters' option. To match 'basic' reporter 100%, use configuration:
{
  "test": {
    "reporters": [
      [
        "default",
        {
          "summary": false
        }
      ]
    ]
  }
}[39m
[90mstderr[2m | src/test/alerts.test.tsx[2m > [22m[2mFase D — alertas de estreia e breaking news com som (4.1/4.2)[2m > [22m[2m4.1 — 'Lembrar-me' de uma estreia agendada dispara o alerta na hora marcada (toast + sino com badge + som discreto UMA vez) e tocar no alerta abre a materia/player
[22m[39mError: Uncaught [ReferenceError: ReactUseSyncExternalStore is not defined]
    at reportException (C:\wamp64\www\news-ready-portal\opencode\news-ready-portal\node_modules\jsdom\lib\jsdom\living\helpers\runtime-script-errors.js:66:24)
    at innerInvokeEventListeners (C:\wamp64\www\news-ready-portal\opencode\news-ready-portal\node_modules\jsdom\lib\jsdom\living\events\EventTarget-impl.js:353:9)
    at invokeEventListeners (C:\wamp64\www\news-ready-portal\opencode\news-ready-portal\node_modules\jsdom\lib\jsdom\living\events\EventTarget-impl.js:286:3)
    at HTMLUnknownElementImpl._dispatch (C:\wamp64\www\news-ready-portal\opencode\news-ready-portal\node_modules\jsdom\lib\jsdom\living\events\EventTarget-impl.js:233:9)
    at HTMLUnknownElementImpl.dispatchEvent (C:\wamp64\www\news-ready-portal\opencode\news-ready-portal\node_modules\jsdom\lib\jsdom\living\events\EventTarget-impl.js:104:17)
    at HTMLUnknownElement.dispatchEvent (C:\wamp64\www\news-ready-portal\opencode\news-ready-portal\node_modules\jsdom\lib\jsdom\living\generated\EventTarget.js:241:34)
    at Object.invokeGuardedCallbackDev (C:\wamp64\www\news-ready-portal\opencode\news-ready-portal\node_modules\react-dom\cjs\react-dom.development.js:4213:16)
    at invokeGuardedCallback (C:\wamp64\www\news-ready-portal\opencode\news-ready-portal\node_modules\react-dom\cjs\react-dom.development.js:4277:31)
    at beginWork$1 (C:\wamp64\www\news-ready-portal\opencode\news-ready-portal\node_modules\react-dom\cjs\react-dom.development.js:27490:7)
    at performUnitOfWork (C:\wamp64\www\news-ready-portal\opencode\news-ready-portal\node_modules\react-dom\cjs\react-dom.development.js:26599:12) ReferenceError: ReactUseSyncExternalStore is not defined
    at useSyncExternalStoreCompat [90m(C:\wamp64\www\news-ready-portal\opencode\news-ready-portal\[39msrc\lib\alerts.ts:133:3[90m)[39m
    at Module.useAlerts [90m(C:\wamp64\www\news-ready-portal\opencode\news-ready-portal\[39msrc\lib\alerts.ts:116:10[90m)[39m
    at HomeAlertCenter [90m(C:\wamp64\www\news-ready-portal\opencode\news-ready-portal\[39msrc\pages\Home.tsx:1267:18[90m)[39m
    at renderWithHooks [90m(C:\wamp64\www\news-ready-portal\opencode\news-ready-portal\[39mnode_modules\[4mreact-dom[24m\cjs\react-dom.development.js:15486:18[90m)[39m
    at mountIndeterminateComponent [90m(C:\wamp64\www\news-ready-portal\opencode\news-ready-portal\[39mnode_modules\[4mreact-dom[24m\cjs\react-dom.development.js:20103:13[90m)[39m
    at beginWork [90m(C:\wamp64\www\news-ready-portal\opencode\news-ready-portal\[39mnode_modules\[4mreact-dom[24m\cjs\react-dom.development.js:21626:16[90m)[39m
    at HTMLUnknownElement.callCallback [90m(C:\wamp64\www\news-ready-portal\opencode\news-ready-portal\[39mnode_modules\[4mreact-dom[24m\cjs\react-dom.development.js:4164:14[90m)[39m
    at HTMLUnknownElement.callTheUserObjectsOperation [90m(C:\wamp64\www\news-ready-portal\opencode\news-ready-portal\[39mnode_modules\[4mjsdom[24m\lib\jsdom\living\generated\EventListener.js:26:30[90m)[39m
    at innerInvokeEventListeners [90m(C:\wamp64\www\news-ready-portal\opencode\news-ready-portal\[39mnode_modules\[4mjsdom[24m\lib\jsdom\living\events\EventTarget-impl.js:350:25[90m)[39m
    at invokeEventListeners [90m(C:\wamp64\www\news-ready-portal\opencode\news-ready-portal\[39mnode_modules\[4mjsdom[24m\lib\jsdom\living\events\EventTarget-impl.js:286:3[90m)[39m
Error: Uncaught [ReferenceError: ReactUseSyncExternalStore is not defined]
    at reportException (C:\wamp64\www\news-ready-portal\opencode\news-ready-portal\node_modules\jsdom\lib\jsdom\living\helpers\runtime-script-errors.js:66:24)
    at innerInvokeEventListeners (C:\wamp64\www\news-ready-portal\opencode\news-ready-portal\node_modules\jsdom\lib\jsdom\living\events\EventTarget-impl.js:353:9)
    at invokeEventListeners (C:\wamp64\www\news-ready-portal\opencode\news-ready-portal\node_modules\jsdom\lib\jsdom\living\events\EventTarget-impl.js:286:3)
    at HTMLUnknownElementImpl._dispatch (C:\wamp64\www\news-ready-portal\opencode\news-ready-portal\node_modules\jsdom\lib\jsdom\living\events\EventTarget-impl.js:233:9)
    at HTMLUnknownElementImpl.dispatchEvent (C:\wamp64\www\news-ready-portal\opencode\news-ready-portal\node_modules\jsdom\lib\jsdom\living\events\EventTarget-impl.js:104:17)
    at HTMLUnknownElement.dispatchEvent (C:\wamp64\www\news-ready-portal\opencode\news-ready-portal\node_modules\jsdom\lib\jsdom\living\generated\EventTarget.js:241:34)
    at Object.invokeGuardedCallbackDev (C:\wamp64\www\news-ready-portal\opencode\news-ready-portal\node_modules\react-dom\cjs\react-dom.development.js:4213:16)
    at invokeGuardedCallback (C:\wamp64\www\news-ready-portal\opencode\news-ready-portal\node_modules\react-dom\cjs\react-dom.development.js:4277:31)
    at beginWork$1 (C:\wamp64\www\news-ready-portal\opencode\news-ready-portal\node_modules\react-dom\cjs\react-dom.development.js:27490:7)
    at performUnitOfWork (C:\wamp64\www\news-ready-portal\opencode\news-ready-portal\node_modules\react-dom\cjs\react-dom.development.js:26599:12) ReferenceError: ReactUseSyncExternalStore is not defined
    at useSyncExternalStoreCompat [90m(C:\wamp64\www\news-ready-portal\opencode\news-ready-portal\[39msrc\lib\alerts.ts:133:3[90m)[39m
    at Module.useAlerts [90m(C:\wamp64\www\news-ready-portal\opencode\news-ready-portal\[39msrc\lib\alerts.ts:116:10[90m)[39m
    at HomeAlertCenter [90m(C:\wamp64\www\news-ready-portal\opencode\news-ready-portal\[39msrc\pages\Home.tsx:1267:18[90m)[39m
    at renderWithHooks [90m(C:\wamp64\www\news-ready-portal\opencode\news-ready-portal\[39mnode_modules\[4mreact-dom[24m\cjs\react-dom.development.js:15486:18[90m)[39m
    at mountIndeterminateComponent [90m(C:\wamp64\www\news-ready-portal\opencode\news-ready-portal\[39mnode_modules\[4mreact-dom[24m\cjs\react-dom.development.js:20103:13[90m)[39m
    at beginWork [90m(C:\wamp64\www\news-ready-portal\opencode\news-ready-portal\[39mnode_modules\[4mreact-dom[24m\cjs\react-dom.development.js:21626:16[90m)[39m
    at HTMLUnknownElement.callCallback [90m(C:\wamp64\www\news-ready-portal\opencode\news-ready-portal\[39mnode_modules\[4mreact-dom[24m\cjs\react-dom.development.js:4164:14[90m)[39m
    at HTMLUnknownElement.callTheUserObjectsOperation [90m(C:\wamp64\www\news-ready-portal\opencode\news-ready-portal\[39mnode_modules\[4mjsdom[24m\lib\jsdom\living\generated\EventListener.js:26:30[90m)[39m
    at innerInvokeEventListeners [90m(C:\wamp64\www\news-ready-portal\opencode\news-ready-portal\[39mnode_modules\[4mjsdom[24m\lib\jsdom\living\events\EventTarget-impl.js:350:25[90m)[39m
    at invokeEventListeners [90m(C:\wamp64\www\news-ready-portal\opencode\news-ready-portal\[39mnode_modules\[4mjsdom[24m\lib\jsdom\living\events\EventTarget-impl.js:286:3[90m)[39m
The above error occurred in the <HomeAlertCenter> component:

    at HomeAlertCenter (C:\wamp64\www\news-ready-portal\opencode\news-ready-portal\src\pages\Home.tsx:2350:43)
    at main
    at div
    at Layout (C:\wamp64\www\news-ready-portal\opencode\news-ready-portal\src\components\Layout.tsx:7:19)
    at Home (C:\wamp64\www\news-ready-portal\opencode\news-ready-portal\src\pages\Home.tsx:2179:53)
    at RadioPlayerProvider (C:\wamp64\www\news-ready-portal\opencode\news-ready-portal\src\contexts\RadioPlayerContext.tsx:21:32)
    at Router (C:\wamp64\www\news-ready-portal\opencode\news-ready-portal\node_modules\react-router\dist\umd\react-router.development.js:1207:17)
    at MemoryRouter (C:\wamp64\www\news-ready-portal\opencode\news-ready-portal\node_modules\react-router\dist\umd\react-router.development.js:1101:7)

Consider adding an error boundary to your tree to customize error handling behavior.
Visit https://reactjs.org/link/error-boundaries to learn more about error boundaries.

[90mstderr[2m | src/test/alerts.test.tsx[2m > [22m[2mFase D — alertas de estreia e breaking news com som (4.1/4.2)[2m > [22m[2m4.2 — conteudo breaking mostra tarja vermelha pulsante no topo do banner (desktop) com som de emergencia UMA vez e clique abre a materia/player
[22m[39mError: Uncaught [ReferenceError: ReactUseSyncExternalStore is not defined]
    at reportException (C:\wamp64\www\news-ready-portal\opencode\news-ready-portal\node_modules\jsdom\lib\jsdom\living\helpers\runtime-script-errors.js:66:24)
    at innerInvokeEventListeners (C:\wamp64\www\news-ready-portal\opencode\news-ready-portal\node_modules\jsdom\lib\jsdom\living\events\EventTarget-impl.js:353:9)
    at invokeEventListeners (C:\wamp64\www\news-ready-portal\opencode\news-ready-portal\node_modules\jsdom\lib\jsdom\living\events\EventTarget-impl.js:286:3)
    at HTMLUnknownElementImpl._dispatch (C:\wamp64\www\news-ready-portal\opencode\news-ready-portal\node_modules\jsdom\lib\jsdom\living\events\EventTarget-impl.js:233:9)
    at HTMLUnknownElementImpl.dispatchEvent (C:\wamp64\www\news-ready-portal\opencode\news-ready-portal\node_modules\jsdom\lib\jsdom\living\events\EventTarget-impl.js:104:17)
    at HTMLUnknownElement.dispatchEvent (C:\wamp64\www\news-ready-portal\opencode\news-ready-portal\node_modules\jsdom\lib\jsdom\living\generated\EventTarget.js:241:34)
    at Object.invokeGuardedCallbackDev (C:\wamp64\www\news-ready-portal\opencode\news-ready-portal\node_modules\react-dom\cjs\react-dom.development.js:4213:16)
    at invokeGuardedCallback (C:\wamp64\www\news-ready-portal\opencode\news-ready-portal\node_modules\react-dom\cjs\react-dom.development.js:4277:31)
    at beginWork$1 (C:\wamp64\www\news-ready-portal\opencode\news-ready-portal\node_modules\react-dom\cjs\react-dom.development.js:27490:7)
    at performUnitOfWork (C:\wamp64\www\news-ready-portal\opencode\news-ready-portal\node_modules\react-dom\cjs\react-dom.development.js:26599:12) ReferenceError: ReactUseSyncExternalStore is not defined
    at useSyncExternalStoreCompat [90m(C:\wamp64\www\news-ready-portal\opencode\news-ready-portal\[39msrc\lib\alerts.ts:133:3[90m)[39m
    at Module.useAlerts [90m(C:\wamp64\www\news-ready-portal\opencode\news-ready-portal\[39msrc\lib\alerts.ts:116:10[90m)[39m
    at HomeAlertCenter [90m(C:\wamp64\www\news-ready-portal\opencode\news-ready-portal\[39msrc\pages\Home.tsx:1267:18[90m)[39m
    at renderWithHooks [90m(C:\wamp64\www\news-ready-portal\opencode\news-ready-portal\[39mnode_modules\[4mreact-dom[24m\cjs\react-dom.development.js:15486:18[90m)[39m
    at mountIndeterminateComponent [90m(C:\wamp64\www\news-ready-portal\opencode\news-ready-portal\[39mnode_modules\[4mreact-dom[24m\cjs\react-dom.development.js:20103:13[90m)[39m
    at beginWork [90m(C:\wamp64\www\news-ready-portal\opencode\news-ready-portal\[39mnode_modules\[4mreact-dom[24m\cjs\react-dom.development.js:21626:16[90m)[39m
    at HTMLUnknownElement.callCallback [90m(C:\wamp64\www\news-ready-portal\opencode\news-ready-portal\[39mnode_modules\[4mreact-dom[24m\cjs\react-dom.development.js:4164:14[90m)[39m
    at HTMLUnknownElement.callTheUserObjectsOperation [90m(C:\wamp64\www\news-ready-portal\opencode\news-ready-portal\[39mnode_modules\[4mjsdom[24m\lib\jsdom\living\generated\EventListener.js:26:30[90m)[39m
    at innerInvokeEventListeners [90m(C:\wamp64\www\news-ready-portal\opencode\news-ready-portal\[39mnode_modules\[4mjsdom[24m\lib\jsdom\living\events\EventTarget-impl.js:350:25[90m)[39m
    at invokeEventListeners [90m(C:\wamp64\www\news-ready-portal\opencode\news-ready-portal\[39mnode_modules\[4mjsdom[24m\lib\jsdom\living\events\EventTarget-impl.js:286:3[90m)[39m
Error: Uncaught [ReferenceError: ReactUseSyncExternalStore is not defined]
    at reportException (C:\wamp64\www\news-ready-portal\opencode\news-ready-portal\node_modules\jsdom\lib\jsdom\living\helpers\runtime-script-errors.js:66:24)
    at innerInvokeEventListeners (C:\wamp64\www\news-ready-portal\opencode\news-ready-portal\node_modules\jsdom\lib\jsdom\living\events\EventTarget-impl.js:353:9)
    at invokeEventListeners (C:\wamp64\www\news-ready-portal\opencode\news-ready-portal\node_modules\jsdom\lib\jsdom\living\events\EventTarget-impl.js:286:3)
    at HTMLUnknownElementImpl._dispatch (C:\wamp64\www\news-ready-portal\opencode\news-ready-portal\node_modules\jsdom\lib\jsdom\living\events\EventTarget-impl.js:233:9)
    at HTMLUnknownElementImpl.dispatchEvent (C:\wamp64\www\news-ready-portal\opencode\news-ready-portal\node_modules\jsdom\lib\jsdom\living\events\EventTarget-impl.js:104:17)
    at HTMLUnknownElement.dispatchEvent (C:\wamp64\www\news-ready-portal\opencode\news-ready-portal\node_modules\jsdom\lib\jsdom\living\generated\EventTarget.js:241:34)
    at Object.invokeGuardedCallbackDev (C:\wamp64\www\news-ready-portal\opencode\news-ready-portal\node_modules\react-dom\cjs\react-dom.development.js:4213:16)
    at invokeGuardedCallback (C:\wamp64\www\news-ready-portal\opencode\news-ready-portal\node_modules\react-dom\cjs\react-dom.development.js:4277:31)
    at beginWork$1 (C:\wamp64\www\news-ready-portal\opencode\news-ready-portal\node_modules\react-dom\cjs\react-dom.development.js:27490:7)
    at performUnitOfWork (C:\wamp64\www\news-ready-portal\opencode\news-ready-portal\node_modules\react-dom\cjs\react-dom.development.js:26599:12) ReferenceError: ReactUseSyncExternalStore is not defined
    at useSyncExternalStoreCompat [90m(C:\wamp64\www\news-ready-portal\opencode\news-ready-portal\[39msrc\lib\alerts.ts:133:3[90m)[39m
    at Module.useAlerts [90m(C:\wamp64\www\news-ready-portal\opencode\news-ready-portal\[39msrc\lib\alerts.ts:116:10[90m)[39m
    at HomeAlertCenter [90m(C:\wamp64\www\news-ready-portal\opencode\news-ready-portal\[39msrc\pages\Home.tsx:1267:18[90m)[39m
    at renderWithHooks [90m(C:\wamp64\www\news-ready-portal\opencode\news-ready-portal\[39mnode_modules\[4mreact-dom[24m\cjs\react-dom.development.js:15486:18[90m)[39m
    at mountIndeterminateComponent [90m(C:\wamp64\www\news-ready-portal\opencode\news-ready-portal\[39mnode_modules\[4mreact-dom[24m\cjs\react-dom.development.js:20103:13[90m)[39m
    at beginWork [90m(C:\wamp64\www\news-ready-portal\opencode\news-ready-portal\[39mnode_modules\[4mreact-dom[24m\cjs\react-dom.development.js:21626:16[90m)[39m
    at HTMLUnknownElement.callCallback [90m(C:\wamp64\www\news-ready-portal\opencode\news-ready-portal\[39mnode_modules\[4mreact-dom[24m\cjs\react-dom.development.js:4164:14[90m)[39m
    at HTMLUnknownElement.callTheUserObjectsOperation [90m(C:\wamp64\www\news-ready-portal\opencode\news-ready-portal\[39mnode_modules\[4mjsdom[24m\lib\jsdom\living\generated\EventListener.js:26:30[90m)[39m
    at innerInvokeEventListeners [90m(C:\wamp64\www\news-ready-portal\opencode\news-ready-portal\[39mnode_modules\[4mjsdom[24m\lib\jsdom\living\events\EventTarget-impl.js:350:25[90m)[39m
    at invokeEventListeners [90m(C:\wamp64\www\news-ready-portal\opencode\news-ready-portal\[39mnode_modules\[4mjsdom[24m\lib\jsdom\living\events\EventTarget-impl.js:286:3[90m)[39m
The above error occurred in the <HomeAlertCenter> component:

    at HomeAlertCenter (C:\wamp64\www\news-ready-portal\opencode\news-ready-portal\src\pages\Home.tsx:2350:43)
    at main
    at div
    at Layout (C:\wamp64\www\news-ready-portal\opencode\news-ready-portal\src\components\Layout.tsx:7:19)
    at Home (C:\wamp64\www\news-ready-portal\opencode\news-ready-portal\src\pages\Home.tsx:2179:53)
    at RadioPlayerProvider (C:\wamp64\www\news-ready-portal\opencode\news-ready-portal\src\contexts\RadioPlayerContext.tsx:21:32)
    at Router (C:\wamp64\www\news-ready-portal\opencode\news-ready-portal\node_modules\react-router\dist\umd\react-router.development.js:1207:17)
    at MemoryRouter (C:\wamp64\www\news-ready-portal\opencode\news-ready-portal\node_modules\react-router\dist\umd\react-router.development.js:1101:7)

Consider adding an error boundary to your tree to customize error handling behavior.
Visit https://reactjs.org/link/error-boundaries to learn more about error boundaries.

[90mstderr[2m | src/test/alerts.test.tsx[2m > [22m[2mFase D — alertas de estreia e breaking news com som (4.1/4.2)[2m > [22m[2m4.2b — em mobile, a tarja de breaking fica na borda inferior da barra do player e o som respeita o mute global
[22m[39mWarning: React.jsx: type is invalid -- expected a string (for built-in components) or a class/function (for composite components) but got: undefined. You likely forgot to export your component from the file it's defined in, or you might have mixed up default and named imports.

Check your code at alerts.test.tsx:124.
Error: Uncaught [Error: Element type is invalid: expected a string (for built-in components) or a class/function (for composite components) but got: undefined. You likely forgot to export your component from the file it's defined in, or you might have mixed up default and named imports.]
    at reportException (C:\wamp64\www\news-ready-portal\opencode\news-ready-portal\node_modules\jsdom\lib\jsdom\living\helpers\runtime-script-errors.js:66:24)
    at innerInvokeEventListeners (C:\wamp64\www\news-ready-portal\opencode\news-ready-portal\node_modules\jsdom\lib\jsdom\living\events\EventTarget-impl.js:353:9)
    at invokeEventListeners (C:\wamp64\www\news-ready-portal\opencode\news-ready-portal\node_modules\jsdom\lib\jsdom\living\events\EventTarget-impl.js:286:3)
    at HTMLUnknownElementImpl._dispatch (C:\wamp64\www\news-ready-portal\opencode\news-ready-portal\node_modules\jsdom\lib\jsdom\living\events\EventTarget-impl.js:233:9)
    at HTMLUnknownElementImpl.dispatchEvent (C:\wamp64\www\news-ready-portal\opencode\news-ready-portal\node_modules\jsdom\lib\jsdom\living\events\EventTarget-impl.js:104:17)
    at HTMLUnknownElement.dispatchEvent (C:\wamp64\www\news-ready-portal\opencode\news-ready-portal\node_modules\jsdom\lib\jsdom\living\generated\EventTarget.js:241:34)
    at Object.invokeGuardedCallbackDev (C:\wamp64\www\news-ready-portal\opencode\news-ready-portal\node_modules\react-dom\cjs\react-dom.development.js:4213:16)
    at invokeGuardedCallback (C:\wamp64\www\news-ready-portal\opencode\news-ready-portal\node_modules\react-dom\cjs\react-dom.development.js:4277:31)
    at beginWork$1 (C:\wamp64\www\news-ready-portal\opencode\news-ready-portal\node_modules\react-dom\cjs\react-dom.development.js:27490:7)
    at performUnitOfWork (C:\wamp64\www\news-ready-portal\opencode\news-ready-portal\node_modules\react-dom\cjs\react-dom.development.js:26599:12) Error: Element type is invalid: expected a string (for built-in components) or a class/function (for composite components) but got: undefined. You likely forgot to export your component from the file it's defined in, or you might have mixed up default and named imports.
    at createFiberFromTypeAndProps [90m(C:\wamp64\www\news-ready-portal\opencode\news-ready-portal\[39mnode_modules\[4mreact-dom[24m\cjs\react-dom.development.js:28478:17[90m)[39m
    at createFiberFromElement [90m(C:\wamp64\www\news-ready-portal\opencode\news-ready-portal\[39mnode_modules\[4mreact-dom[24m\cjs\react-dom.development.js:28504:15[90m)[39m
    at createChild [90m(C:\wamp64\www\news-ready-portal\opencode\news-ready-portal\[39mnode_modules\[4mreact-dom[24m\cjs\react-dom.development.js:13345:28[90m)[39m
    at reconcileChildrenArray [90m(C:\wamp64\www\news-ready-portal\opencode\news-ready-portal\[39mnode_modules\[4mreact-dom[24m\cjs\react-dom.development.js:13640:25[90m)[39m
    at reconcileChildFibers [90m(C:\wamp64\www\news-ready-portal\opencode\news-ready-portal\[39mnode_modules\[4mreact-dom[24m\cjs\react-dom.development.js:14057:16[90m)[39m
    at reconcileChildren [90m(C:\wamp64\www\news-ready-portal\opencode\news-ready-portal\[39mnode_modules\[4mreact-dom[24m\cjs\react-dom.development.js:19186:28[90m)[39m
    at updateContextProvider [90m(C:\wamp64\www\news-ready-portal\opencode\news-ready-portal\[39mnode_modules\[4mreact-dom[24m\cjs\react-dom.development.js:21193:3[90m)[39m
    at beginWork [90m(C:\wamp64\www\news-ready-portal\opencode\news-ready-portal\[39mnode_modules\[4mreact-dom[24m\cjs\react-dom.development.js:21688:14[90m)[39m
    at HTMLUnknownElement.callCallback [90m(C:\wamp64\www\news-ready-portal\opencode\news-ready-portal\[39mnode_modules\[4mreact-dom[24m\cjs\react-dom.development.js:4164:14[90m)[39m
    at HTMLUnknownElement.callTheUserObjectsOperation [90m(C:\wamp64\www\news-ready-portal\opencode\news-ready-portal\[39mnode_modules\[4mjsdom[24m\lib\jsdom\living\generated\EventListener.js:26:30[90m)[39m
Error: Uncaught [Error: Element type is invalid: expected a string (for built-in components) or a class/function (for composite components) but got: undefined. You likely forgot to export your component from the file it's defined in, or you might have mixed up default and named imports.]
    at reportException (C:\wamp64\www\news-ready-portal\opencode\news-ready-portal\node_modules\jsdom\lib\jsdom\living\helpers\runtime-script-errors.js:66:24)
    at innerInvokeEventListeners (C:\wamp64\www\news-ready-portal\opencode\news-ready-portal\node_modules\jsdom\lib\jsdom\living\events\EventTarget-impl.js:353:9)
    at invokeEventListeners (C:\wamp64\www\news-ready-portal\opencode\news-ready-portal\node_modules\jsdom\lib\jsdom\living\events\EventTarget-impl.js:286:3)
    at HTMLUnknownElementImpl._dispatch (C:\wamp64\www\news-ready-portal\opencode\news-ready-portal\node_modules\jsdom\lib\jsdom\living\events\EventTarget-impl.js:233:9)
    at HTMLUnknownElementImpl.dispatchEvent (C:\wamp64\www\news-ready-portal\opencode\news-ready-portal\node_modules\jsdom\lib\jsdom\living\events\EventTarget-impl.js:104:17)
    at HTMLUnknownElement.dispatchEvent (C:\wamp64\www\news-ready-portal\opencode\news-ready-portal\node_modules\jsdom\lib\jsdom\living\generated\EventTarget.js:241:34)
    at Object.invokeGuardedCallbackDev (C:\wamp64\www\news-ready-portal\opencode\news-ready-portal\node_modules\react-dom\cjs\react-dom.development.js:4213:16)
    at invokeGuardedCallback (C:\wamp64\www\news-ready-portal\opencode\news-ready-portal\node_modules\react-dom\cjs\react-dom.development.js:4277:31)
    at beginWork$1 (C:\wamp64\www\news-ready-portal\opencode\news-ready-portal\node_modules\react-dom\cjs\react-dom.development.js:27490:7)
    at performUnitOfWork (C:\wamp64\www\news-ready-portal\opencode\news-ready-portal\node_modules\react-dom\cjs\react-dom.development.js:26599:12) Error: Element type is invalid: expected a string (for built-in components) or a class/function (for composite components) but got: undefined. You likely forgot to export your component from the file it's defined in, or you might have mixed up default and named imports.
    at createFiberFromTypeAndProps [90m(C:\wamp64\www\news-ready-portal\opencode\news-ready-portal\[39mnode_modules\[4mreact-dom[24m\cjs\react-dom.development.js:28478:17[90m)[39m
    at createFiberFromElement [90m(C:\wamp64\www\news-ready-portal\opencode\news-ready-portal\[39mnode_modules\[4mreact-dom[24m\cjs\react-dom.development.js:28504:15[90m)[39m
    at createChild [90m(C:\wamp64\www\news-ready-portal\opencode\news-ready-portal\[39mnode_modules\[4mreact-dom[24m\cjs\react-dom.development.js:13345:28[90m)[39m
    at reconcileChildrenArray [90m(C:\wamp64\www\news-ready-portal\opencode\news-ready-portal\[39mnode_modules\[4mreact-dom[24m\cjs\react-dom.development.js:13640:25[90m)[39m
    at reconcileChildFibers [90m(C:\wamp64\www\news-ready-portal\opencode\news-ready-portal\[39mnode_modules\[4mreact-dom[24m\cjs\react-dom.development.js:14057:16[90m)[39m
    at reconcileChildren [90m(C:\wamp64\www\news-ready-portal\opencode\news-ready-portal\[39mnode_modules\[4mreact-dom[24m\cjs\react-dom.development.js:19186:28[90m)[39m
    at updateContextProvider [90m(C:\wamp64\www\news-ready-portal\opencode\news-ready-portal\[39mnode_modules\[4mreact-dom[24m\cjs\react-dom.development.js:21193:3[90m)[39m
    at beginWork [90m(C:\wamp64\www\news-ready-portal\opencode\news-ready-portal\[39mnode_modules\[4mreact-dom[24m\cjs\react-dom.development.js:21688:14[90m)[39m
    at HTMLUnknownElement.callCallback [90m(C:\wamp64\www\news-ready-portal\opencode\news-ready-portal\[39mnode_modules\[4mreact-dom[24m\cjs\react-dom.development.js:4164:14[90m)[39m
    at HTMLUnknownElement.callTheUserObjectsOperation [90m(C:\wamp64\www\news-ready-portal\opencode\news-ready-portal\[39mnode_modules\[4mjsdom[24m\lib\jsdom\living\generated\EventListener.js:26:30[90m)[39m
The above error occurred in the <Context.Provider> component:

    at RadioPlayerProvider (C:\wamp64\www\news-ready-portal\opencode\news-ready-portal\src\contexts\RadioPlayerContext.tsx:21:32)
    at Router (C:\wamp64\www\news-ready-portal\opencode\news-ready-portal\node_modules\react-router\dist\umd\react-router.development.js:1207:17)
    at MemoryRouter (C:\wamp64\www\news-ready-portal\opencode\news-ready-portal\node_modules\react-router\dist\umd\react-router.development.js:1101:7)

Consider adding an error boundary to your tree to customize error handling behavior.
Visit https://reactjs.org/link/error-boundaries to learn more about error boundaries.

 [31m❯[39m src/test/alerts.test.tsx [2m([22m[2m4 tests[22m[2m | [22m[31m3 failed[39m[2m)[22m[33m 718[2mms[22m[39m
[31m   [31m×[31m Fase D — alertas de estreia e breaking news com som (4.1/4.2)[2m > [22m4.1 — 'Lembrar-me' de uma estreia agendada dispara o alerta na hora marcada (toast + sino com badge + som discreto UMA vez) e tocar no alerta abre a materia/player[39m[33m 544[2mms[22m[39m
[31m     → ReactUseSyncExternalStore is not defined[39m
[31m   [31m×[31m Fase D — alertas de estreia e breaking news com som (4.1/4.2)[2m > [22m4.2 — conteudo breaking mostra tarja vermelha pulsante no topo do banner (desktop) com som de emergencia UMA vez e clique abre a materia/player[39m[32m 156[2mms[22m[39m
[31m     → ReactUseSyncExternalStore is not defined[39m
[31m   [31m×[31m Fase D — alertas de estreia e breaking news com som (4.1/4.2)[2m > [22m4.2b — em mobile, a tarja de breaking fica na borda inferior da barra do player e o som respeita o mute global[39m[32m 11[2mms[22m[39m
[31m     → Element type is invalid: expected a string (for built-in components) or a class/function (for composite components) but got: undefined. You likely forgot to export your component from the file it's defined in, or you might have mixed up default and named imports.[39m
   [32m✓[39m Fase D — alertas de estreia e breaking news com som (4.1/4.2)[2m > [22m4.2c — playAlertSound respeita o volume e a opcao 'sem som' do editor (muted) e __resetAudioAlertCache limpa o cache[32m 4[2mms[22m[39m


[31m⎯⎯⎯⎯⎯⎯⎯[39m[1m[41m Failed Tests 3 [49m[22m[31m⎯⎯⎯⎯⎯⎯⎯[39m

[41m[1m FAIL [22m[49m src/test/alerts.test.tsx[2m > [22mFase D — alertas de estreia e breaking news com som (4.1/4.2)[2m > [22m4.1 — 'Lembrar-me' de uma estreia agendada dispara o alerta na hora marcada (toast + sino com badge + som discreto UMA vez) e tocar no alerta abre a materia/player
[41m[1m FAIL [22m[49m src/test/alerts.test.tsx[2m > [22mFase D — alertas de estreia e breaking news com som (4.1/4.2)[2m > [22m4.2 — conteudo breaking mostra tarja vermelha pulsante no topo do banner (desktop) com som de emergencia UMA vez e clique abre a materia/player
[31m[1mReferenceError[22m: ReactUseSyncExternalStore is not defined[39m
[36m [2m❯[22m useSyncExternalStoreCompat src/lib/alerts.ts:[2m133:3[22m[39m
    [90m131| [39m  // Bridge leve e determinística para o React 18 (React.useSyncExtern…
    [90m132| [39m  [90m// Import legal so no browser (jsdom) - os testes usam o mesmo.[39m
    [90m133| [39m  return ReactUseSyncExternalStore(subscribe, getSnapshot, getServerSn…
    [90m   | [39m  [31m^[39m
    [90m134| [39m}
    [90m135| [39m
[90m [2m❯[22m Module.useAlerts src/lib/alerts.ts:[2m116:10[22m[39m
[90m [2m❯[22m HomeAlertCenter src/pages/Home.tsx:[2m1267:18[22m[39m
[90m [2m❯[22m renderWithHooks node_modules/react-dom/cjs/react-dom.development.js:[2m15486:18[22m[39m
[90m [2m❯[22m mountIndeterminateComponent node_modules/react-dom/cjs/react-dom.development.js:[2m20103:13[22m[39m
[90m [2m❯[22m beginWork node_modules/react-dom/cjs/react-dom.development.js:[2m21626:16[22m[39m
[90m [2m❯[22m beginWork$1 node_modules/react-dom/cjs/react-dom.development.js:[2m27465:14[22m[39m
[90m [2m❯[22m performUnitOfWork node_modules/react-dom/cjs/react-dom.development.js:[2m26599:12[22m[39m
[90m [2m❯[22m workLoopSync node_modules/react-dom/cjs/react-dom.development.js:[2m26505:5[22m[39m
[90m [2m❯[22m renderRootSync node_modules/react-dom/cjs/react-dom.development.js:[2m26473:7[22m[39m

[31m[2m⎯⎯⎯⎯⎯⎯⎯⎯⎯⎯⎯⎯⎯⎯⎯⎯⎯⎯⎯⎯⎯⎯⎯⎯[1/3]⎯[22m[39m

[41m[1m FAIL [22m[49m src/test/alerts.test.tsx[2m > [22mFase D — alertas de estreia e breaking news com som (4.1/4.2)[2m > [22m4.2b — em mobile, a tarja de breaking fica na borda inferior da barra do player e o som respeita o mute global
[31m[1mError[22m: Element type is invalid: expected a string (for built-in components) or a class/function (for composite components) but got: undefined. You likely forgot to export your component from the file it's defined in, or you might have mixed up default and named imports.[39m
[90m [2m❯[22m createFiberFromTypeAndProps node_modules/react-dom/cjs/react-dom.development.js:[2m28478:17[22m[39m
[90m [2m❯[22m createFiberFromElement node_modules/react-dom/cjs/react-dom.development.js:[2m28504:15[22m[39m
[90m [2m❯[22m createChild node_modules/react-dom/cjs/react-dom.development.js:[2m13345:28[22m[39m
[90m [2m❯[22m reconcileChildrenArray node_modules/react-dom/cjs/react-dom.development.js:[2m13640:25[22m[39m
[90m [2m❯[22m reconcileChildFibers node_modules/react-dom/cjs/react-dom.development.js:[2m14057:16[22m[39m
[90m [2m❯[22m reconcileChildren node_modules/react-dom/cjs/react-dom.development.js:[2m19186:28[22m[39m
[90m [2m❯[22m updateContextProvider node_modules/react-dom/cjs/react-dom.development.js:[2m21193:3[22m[39m
[90m [2m❯[22m beginWork node_modules/react-dom/cjs/react-dom.development.js:[2m21688:14[22m[39m
[90m [2m❯[22m beginWork$1 node_modules/react-dom/cjs/react-dom.development.js:[2m27465:14[22m[39m
[90m [2m❯[22m performUnitOfWork node_modules/react-dom/cjs/react-dom.development.js:[2m26599:12[22m[39m

[31m[2m⎯⎯⎯⎯⎯⎯⎯⎯⎯⎯⎯⎯⎯⎯⎯⎯⎯⎯⎯⎯⎯⎯⎯⎯[2/3]⎯[22m[39m


[2m Test Files [22m [1m[31m1 failed[39m[22m[90m (1)[39m
[2m      Tests [22m [1m[31m3 failed[39m[22m[2m | [22m[1m[32m1 passed[39m[22m[90m (4)[39m
[2m   Start at [22m 23:19:54
[2m   Duration [22m 4.41s[2m (transform 620ms, setup 270ms, collect 1.18s, tests 718ms, environment 1.12s, prepare 200ms)[22m

