
[1m[46m RUN [49m[22m [36mv3.2.7 [39m[90mC:/wamp64/www/news-ready-portal/opencode/news-ready-portal[39m

[1m[43m DEPRECATED [49m[22m [33m'basic' reporter is deprecated and will be removed in Vitest v3.
Remove 'basic' from 'reporters' option. To match 'basic' reporter 100%, use configuration:
{
  "test": {
    "reporters": [
      [
        "default",
        {
          "summary": false
        }
      ]
    ]
  }
}[39m
[90mstderr[2m | src/test/alerts.test.tsx[2m > [22m[2mFase D — alertas de estreia e breaking news com som (4.1/4.2)[2m > [22m[2m4.1 — 'Lembrar-me' de uma estreia agendada dispara o alerta na hora marcada (toast + sino com badge + som discreto UMA vez) e tocar no alerta abre a materia/player
[22m[39m⚠️ React Router Future Flag Warning: React Router will begin wrapping state updates in `React.startTransition` in v7. You can use the `v7_startTransition` future flag to opt-in early. For more information, see https://reactrouter.com/v6/upgrading/future#v7_starttransition.
⚠️ React Router Future Flag Warning: Relative route resolution within Splat routes is changing in v7. You can use the `v7_relativeSplatPath` future flag to opt-in early. For more information, see https://reactrouter.com/v6/upgrading/future#v7_relativesplatpath.

[90mstderr[2m | src/test/alerts.test.tsx[2m > [22m[2mFase D — alertas de estreia e breaking news com som (4.1/4.2)[2m > [22m[2m4.1 — 'Lembrar-me' de uma estreia agendada dispara o alerta na hora marcada (toast + sino com badge + som discreto UMA vez) e tocar no alerta abre a materia/player
[22m[39mWarning: An update to HomeAlertCenter inside a test was not wrapped in act(...).

When testing, code that causes React state updates should be wrapped into act(...):

act(() => {
  /* fire events that update state */
});
/* assert on the output */

This ensures that you're testing the behavior the user would see in the browser. Learn more at https://reactjs.org/link/wrap-tests-with-act
    at HomeAlertCenter (C:\wamp64\www\news-ready-portal\opencode\news-ready-portal\src\pages\Home.tsx:2350:43)
    at main
    at div
    at Layout (C:\wamp64\www\news-ready-portal\opencode\news-ready-portal\src\components\Layout.tsx:7:19)
    at Home (C:\wamp64\www\news-ready-portal\opencode\news-ready-portal\src\pages\Home.tsx:2179:53)
    at RadioPlayerProvider (C:\wamp64\www\news-ready-portal\opencode\news-ready-portal\src\contexts\RadioPlayerContext.tsx:21:32)
    at Router (C:\wamp64\www\news-ready-portal\opencode\news-ready-portal\node_modules\react-router\dist\umd\react-router.development.js:1207:17)
    at MemoryRouter (C:\wamp64\www\news-ready-portal\opencode\news-ready-portal\node_modules\react-router\dist\umd\react-router.development.js:1101:7)

[90mstderr[2m | src/test/alerts.test.tsx[2m > [22m[2mFase D — alertas de estreia e breaking news com som (4.1/4.2)[2m > [22m[2m4.2 — conteudo breaking mostra tarja vermelha pulsante no topo do banner (desktop) com som de emergencia UMA vez e clique abre a materia/player
[22m[39mWarning: An update to HomeAlertCenter inside a test was not wrapped in act(...).

When testing, code that causes React state updates should be wrapped into act(...):

act(() => {
  /* fire events that update state */
});
/* assert on the output */

This ensures that you're testing the behavior the user would see in the browser. Learn more at https://reactjs.org/link/wrap-tests-with-act
    at HomeAlertCenter (C:\wamp64\www\news-ready-portal\opencode\news-ready-portal\src\pages\Home.tsx:2350:43)
    at main
    at div
    at Layout (C:\wamp64\www\news-ready-portal\opencode\news-ready-portal\src\components\Layout.tsx:7:19)
    at Home (C:\wamp64\www\news-ready-portal\opencode\news-ready-portal\src\pages\Home.tsx:2179:53)
    at RadioPlayerProvider (C:\wamp64\www\news-ready-portal\opencode\news-ready-portal\src\contexts\RadioPlayerContext.tsx:21:32)
    at Router (C:\wamp64\www\news-ready-portal\opencode\news-ready-portal\node_modules\react-router\dist\umd\react-router.development.js:1207:17)
    at MemoryRouter (C:\wamp64\www\news-ready-portal\opencode\news-ready-portal\node_modules\react-router\dist\umd\react-router.development.js:1101:7)

[90mstderr[2m | src/test/alerts.test.tsx[2m > [22m[2mFase D — alertas de estreia e breaking news com som (4.1/4.2)[2m > [22m[2m4.2b — em mobile, a tarja de breaking fica na borda inferior da barra do player e o som respeita o mute global
[22m[39mWarning: An update to RadioPlayer inside a test was not wrapped in act(...).

When testing, code that causes React state updates should be wrapped into act(...):

act(() => {
  /* fire events that update state */
});
/* assert on the output */

This ensures that you're testing the behavior the user would see in the browser. Learn more at https://reactjs.org/link/wrap-tests-with-act
    at RadioPlayer (C:\wamp64\www\news-ready-portal\opencode\news-ready-portal\src\components\RadioPlayer.tsx:2628:60)
    at RadioPlayerProvider (C:\wamp64\www\news-ready-portal\opencode\news-ready-portal\src\contexts\RadioPlayerContext.tsx:21:32)
    at Router (C:\wamp64\www\news-ready-portal\opencode\news-ready-portal\node_modules\react-router\dist\umd\react-router.development.js:1207:17)
    at MemoryRouter (C:\wamp64\www\news-ready-portal\opencode\news-ready-portal\node_modules\react-router\dist\umd\react-router.development.js:1101:7)

 [32m✓[39m src/test/alerts.test.tsx [2m([22m[2m4 tests[22m[2m)[22m[33m 332[2mms[22m[39m


[2m Test Files [22m [1m[32m1 passed[39m[22m[90m (1)[39m
[2m      Tests [22m [1m[32m4 passed[39m[22m[90m (4)[39m
[2m   Start at [22m 02:11:38
[2m   Duration [22m 3.67s[2m (transform 561ms, setup 207ms, collect 1.12s, tests 332ms, environment 1.12s, prepare 546ms)[22m

