
[1m[46m RUN [49m[22m [36mv3.2.7 [39m[90mC:/wamp64/www/news-ready-portal/opencode/news-ready-portal[39m

[1m[43m DEPRECATED [49m[22m [33m'basic' reporter is deprecated and will be removed in Vitest v3.
Remove 'basic' from 'reporters' option. To match 'basic' reporter 100%, use configuration:
{
  "test": {
    "reporters": [
      [
        "default",
        {
          "summary": false
        }
      ]
    ]
  }
}[39m
[90mstderr[2m | src/test/alerts.test.tsx[2m > [22m[2mFase D — alertas de estreia e breaking news com som (4.1/4.2)[2m > [22m[2m4.1 — 'Lembrar-me' de uma estreia agendada dispara o alerta na hora marcada (toast + sino com badge + som discreto UMA vez) e tocar no alerta abre a materia/player
[22m[39m⚠️ React Router Future Flag Warning: React Router will begin wrapping state updates in `React.startTransition` in v7. You can use the `v7_startTransition` future flag to opt-in early. For more information, see https://reactrouter.com/v6/upgrading/future#v7_starttransition.
⚠️ React Router Future Flag Warning: Relative route resolution within Splat routes is changing in v7. You can use the `v7_relativeSplatPath` future flag to opt-in early. For more information, see https://reactrouter.com/v6/upgrading/future#v7_relativesplatpath.

[90mstderr[2m | src/test/alerts.test.tsx[2m > [22m[2mFase D — alertas de estreia e breaking news com som (4.1/4.2)[2m > [22m[2m4.1 — 'Lembrar-me' de uma estreia agendada dispara o alerta na hora marcada (toast + sino com badge + som discreto UMA vez) e tocar no alerta abre a materia/player
[22m[39mWarning: An update to HomeAlertCenter inside a test was not wrapped in act(...).

When testing, code that causes React state updates should be wrapped into act(...):

act(() => {
  /* fire events that update state */
});
/* assert on the output */

This ensures that you're testing the behavior the user would see in the browser. Learn more at https://reactjs.org/link/wrap-tests-with-act
    at HomeAlertCenter (C:\wamp64\www\news-ready-portal\opencode\news-ready-portal\src\pages\Home.tsx:2350:43)
    at main
    at div
    at Layout (C:\wamp64\www\news-ready-portal\opencode\news-ready-portal\src\components\Layout.tsx:7:19)
    at Home (C:\wamp64\www\news-ready-portal\opencode\news-ready-portal\src\pages\Home.tsx:2179:53)
    at RadioPlayerProvider (C:\wamp64\www\news-ready-portal\opencode\news-ready-portal\src\contexts\RadioPlayerContext.tsx:21:32)
    at Router (C:\wamp64\www\news-ready-portal\opencode\news-ready-portal\node_modules\react-router\dist\umd\react-router.development.js:1207:17)
    at MemoryRouter (C:\wamp64\www\news-ready-portal\opencode\news-ready-portal\node_modules\react-router\dist\umd\react-router.development.js:1101:7)

[90mstderr[2m | src/test/alerts.test.tsx[2m > [22m[2mFase D — alertas de estreia e breaking news com som (4.1/4.2)[2m > [22m[2m4.2 — conteudo breaking mostra tarja vermelha pulsante no topo do banner (desktop) com som de emergencia UMA vez e clique abre a materia/player
[22m[39mWarning: An update to HomeAlertCenter inside a test was not wrapped in act(...).

When testing, code that causes React state updates should be wrapped into act(...):

act(() => {
  /* fire events that update state */
});
/* assert on the output */

This ensures that you're testing the behavior the user would see in the browser. Learn more at https://reactjs.org/link/wrap-tests-with-act
    at HomeAlertCenter (C:\wamp64\www\news-ready-portal\opencode\news-ready-portal\src\pages\Home.tsx:2350:43)
    at main
    at div
    at Layout (C:\wamp64\www\news-ready-portal\opencode\news-ready-portal\src\components\Layout.tsx:7:19)
    at Home (C:\wamp64\www\news-ready-portal\opencode\news-ready-portal\src\pages\Home.tsx:2179:53)
    at RadioPlayerProvider (C:\wamp64\www\news-ready-portal\opencode\news-ready-portal\src\contexts\RadioPlayerContext.tsx:21:32)
    at Router (C:\wamp64\www\news-ready-portal\opencode\news-ready-portal\node_modules\react-router\dist\umd\react-router.development.js:1207:17)
    at MemoryRouter (C:\wamp64\www\news-ready-portal\opencode\news-ready-portal\node_modules\react-router\dist\umd\react-router.development.js:1101:7)

[90mstderr[2m | src/test/alerts.test.tsx[2m > [22m[2mFase D — alertas de estreia e breaking news com som (4.1/4.2)[2m > [22m[2m4.2b — em mobile, a tarja de breaking fica na borda inferior da barra do player e o som respeita o mute global
[22m[39mWarning: React.jsx: type is invalid -- expected a string (for built-in components) or a class/function (for composite components) but got: undefined. You likely forgot to export your component from the file it's defined in, or you might have mixed up default and named imports.

Check your code at alerts.test.tsx:124.
Error: Uncaught [Error: Element type is invalid: expected a string (for built-in components) or a class/function (for composite components) but got: undefined. You likely forgot to export your component from the file it's defined in, or you might have mixed up default and named imports.]
    at reportException (C:\wamp64\www\news-ready-portal\opencode\news-ready-portal\node_modules\jsdom\lib\jsdom\living\helpers\runtime-script-errors.js:66:24)
    at innerInvokeEventListeners (C:\wamp64\www\news-ready-portal\opencode\news-ready-portal\node_modules\jsdom\lib\jsdom\living\events\EventTarget-impl.js:353:9)
    at invokeEventListeners (C:\wamp64\www\news-ready-portal\opencode\news-ready-portal\node_modules\jsdom\lib\jsdom\living\events\EventTarget-impl.js:286:3)
    at HTMLUnknownElementImpl._dispatch (C:\wamp64\www\news-ready-portal\opencode\news-ready-portal\node_modules\jsdom\lib\jsdom\living\events\EventTarget-impl.js:233:9)
    at HTMLUnknownElementImpl.dispatchEvent (C:\wamp64\www\news-ready-portal\opencode\news-ready-portal\node_modules\jsdom\lib\jsdom\living\events\EventTarget-impl.js:104:17)
    at HTMLUnknownElement.dispatchEvent (C:\wamp64\www\news-ready-portal\opencode\news-ready-portal\node_modules\jsdom\lib\jsdom\living\generated\EventTarget.js:241:34)
    at Object.invokeGuardedCallbackDev (C:\wamp64\www\news-ready-portal\opencode\news-ready-portal\node_modules\react-dom\cjs\react-dom.development.js:4213:16)
    at invokeGuardedCallback (C:\wamp64\www\news-ready-portal\opencode\news-ready-portal\node_modules\react-dom\cjs\react-dom.development.js:4277:31)
    at beginWork$1 (C:\wamp64\www\news-ready-portal\opencode\news-ready-portal\node_modules\react-dom\cjs\react-dom.development.js:27490:7)
    at performUnitOfWork (C:\wamp64\www\news-ready-portal\opencode\news-ready-portal\node_modules\react-dom\cjs\react-dom.development.js:26599:12) Error: Element type is invalid: expected a string (for built-in components) or a class/function (for composite components) but got: undefined. You likely forgot to export your component from the file it's defined in, or you might have mixed up default and named imports.
    at createFiberFromTypeAndProps [90m(C:\wamp64\www\news-ready-portal\opencode\news-ready-portal\[39mnode_modules\[4mreact-dom[24m\cjs\react-dom.development.js:28478:17[90m)[39m
    at createFiberFromElement [90m(C:\wamp64\www\news-ready-portal\opencode\news-ready-portal\[39mnode_modules\[4mreact-dom[24m\cjs\react-dom.development.js:28504:15[90m)[39m
    at createChild [90m(C:\wamp64\www\news-ready-portal\opencode\news-ready-portal\[39mnode_modules\[4mreact-dom[24m\cjs\react-dom.development.js:13345:28[90m)[39m
    at reconcileChildrenArray [90m(C:\wamp64\www\news-ready-portal\opencode\news-ready-portal\[39mnode_modules\[4mreact-dom[24m\cjs\react-dom.development.js:13640:25[90m)[39m
    at reconcileChildFibers [90m(C:\wamp64\www\news-ready-portal\opencode\news-ready-portal\[39mnode_modules\[4mreact-dom[24m\cjs\react-dom.development.js:14057:16[90m)[39m
    at reconcileChildren [90m(C:\wamp64\www\news-ready-portal\opencode\news-ready-portal\[39mnode_modules\[4mreact-dom[24m\cjs\react-dom.development.js:19186:28[90m)[39m
    at updateContextProvider [90m(C:\wamp64\www\news-ready-portal\opencode\news-ready-portal\[39mnode_modules\[4mreact-dom[24m\cjs\react-dom.development.js:21193:3[90m)[39m
    at beginWork [90m(C:\wamp64\www\news-ready-portal\opencode\news-ready-portal\[39mnode_modules\[4mreact-dom[24m\cjs\react-dom.development.js:21688:14[90m)[39m
    at HTMLUnknownElement.callCallback [90m(C:\wamp64\www\news-ready-portal\opencode\news-ready-portal\[39mnode_modules\[4mreact-dom[24m\cjs\react-dom.development.js:4164:14[90m)[39m
    at HTMLUnknownElement.callTheUserObjectsOperation [90m(C:\wamp64\www\news-ready-portal\opencode\news-ready-portal\[39mnode_modules\[4mjsdom[24m\lib\jsdom\living\generated\EventListener.js:26:30[90m)[39m
Error: Uncaught [Error: Element type is invalid: expected a string (for built-in components) or a class/function (for composite components) but got: undefined. You likely forgot to export your component from the file it's defined in, or you might have mixed up default and named imports.]
    at reportException (C:\wamp64\www\news-ready-portal\opencode\news-ready-portal\node_modules\jsdom\lib\jsdom\living\helpers\runtime-script-errors.js:66:24)
    at innerInvokeEventListeners (C:\wamp64\www\news-ready-portal\opencode\news-ready-portal\node_modules\jsdom\lib\jsdom\living\events\EventTarget-impl.js:353:9)
    at invokeEventListeners (C:\wamp64\www\news-ready-portal\opencode\news-ready-portal\node_modules\jsdom\lib\jsdom\living\events\EventTarget-impl.js:286:3)
    at HTMLUnknownElementImpl._dispatch (C:\wamp64\www\news-ready-portal\opencode\news-ready-portal\node_modules\jsdom\lib\jsdom\living\events\EventTarget-impl.js:233:9)
    at HTMLUnknownElementImpl.dispatchEvent (C:\wamp64\www\news-ready-portal\opencode\news-ready-portal\node_modules\jsdom\lib\jsdom\living\events\EventTarget-impl.js:104:17)
    at HTMLUnknownElement.dispatchEvent (C:\wamp64\www\news-ready-portal\opencode\news-ready-portal\node_modules\jsdom\lib\jsdom\living\generated\EventTarget.js:241:34)
    at Object.invokeGuardedCallbackDev (C:\wamp64\www\news-ready-portal\opencode\news-ready-portal\node_modules\react-dom\cjs\react-dom.development.js:4213:16)
    at invokeGuardedCallback (C:\wamp64\www\news-ready-portal\opencode\news-ready-portal\node_modules\react-dom\cjs\react-dom.development.js:4277:31)
    at beginWork$1 (C:\wamp64\www\news-ready-portal\opencode\news-ready-portal\node_modules\react-dom\cjs\react-dom.development.js:27490:7)
    at performUnitOfWork (C:\wamp64\www\news-ready-portal\opencode\news-ready-portal\node_modules\react-dom\cjs\react-dom.development.js:26599:12) Error: Element type is invalid: expected a string (for built-in components) or a class/function (for composite components) but got: undefined. You likely forgot to export your component from the file it's defined in, or you might have mixed up default and named imports.
    at createFiberFromTypeAndProps [90m(C:\wamp64\www\news-ready-portal\opencode\news-ready-portal\[39mnode_modules\[4mreact-dom[24m\cjs\react-dom.development.js:28478:17[90m)[39m
    at createFiberFromElement [90m(C:\wamp64\www\news-ready-portal\opencode\news-ready-portal\[39mnode_modules\[4mreact-dom[24m\cjs\react-dom.development.js:28504:15[90m)[39m
    at createChild [90m(C:\wamp64\www\news-ready-portal\opencode\news-ready-portal\[39mnode_modules\[4mreact-dom[24m\cjs\react-dom.development.js:13345:28[90m)[39m
    at reconcileChildrenArray [90m(C:\wamp64\www\news-ready-portal\opencode\news-ready-portal\[39mnode_modules\[4mreact-dom[24m\cjs\react-dom.development.js:13640:25[90m)[39m
    at reconcileChildFibers [90m(C:\wamp64\www\news-ready-portal\opencode\news-ready-portal\[39mnode_modules\[4mreact-dom[24m\cjs\react-dom.development.js:14057:16[90m)[39m
    at reconcileChildren [90m(C:\wamp64\www\news-ready-portal\opencode\news-ready-portal\[39mnode_modules\[4mreact-dom[24m\cjs\react-dom.development.js:19186:28[90m)[39m
    at updateContextProvider [90m(C:\wamp64\www\news-ready-portal\opencode\news-ready-portal\[39mnode_modules\[4mreact-dom[24m\cjs\react-dom.development.js:21193:3[90m)[39m
    at beginWork [90m(C:\wamp64\www\news-ready-portal\opencode\news-ready-portal\[39mnode_modules\[4mreact-dom[24m\cjs\react-dom.development.js:21688:14[90m)[39m
    at HTMLUnknownElement.callCallback [90m(C:\wamp64\www\news-ready-portal\opencode\news-ready-portal\[39mnode_modules\[4mreact-dom[24m\cjs\react-dom.development.js:4164:14[90m)[39m
    at HTMLUnknownElement.callTheUserObjectsOperation [90m(C:\wamp64\www\news-ready-portal\opencode\news-ready-portal\[39mnode_modules\[4mjsdom[24m\lib\jsdom\living\generated\EventListener.js:26:30[90m)[39m
The above error occurred in the <Context.Provider> component:

    at RadioPlayerProvider (C:\wamp64\www\news-ready-portal\opencode\news-ready-portal\src\contexts\RadioPlayerContext.tsx:21:32)
    at Router (C:\wamp64\www\news-ready-portal\opencode\news-ready-portal\node_modules\react-router\dist\umd\react-router.development.js:1207:17)
    at MemoryRouter (C:\wamp64\www\news-ready-portal\opencode\news-ready-portal\node_modules\react-router\dist\umd\react-router.development.js:1101:7)

Consider adding an error boundary to your tree to customize error handling behavior.
Visit https://reactjs.org/link/error-boundaries to learn more about error boundaries.

 [31m❯[39m src/test/alerts.test.tsx [2m([22m[2m4 tests[22m[2m | [22m[31m1 failed[39m[2m)[22m[33m 362[2mms[22m[39m
   [32m✓[39m Fase D — alertas de estreia e breaking news com som (4.1/4.2)[2m > [22m4.1 — 'Lembrar-me' de uma estreia agendada dispara o alerta na hora marcada (toast + sino com badge + som discreto UMA vez) e tocar no alerta abre a materia/player[32m 230[2mms[22m[39m
   [32m✓[39m Fase D — alertas de estreia e breaking news com som (4.1/4.2)[2m > [22m4.2 — conteudo breaking mostra tarja vermelha pulsante no topo do banner (desktop) com som de emergencia UMA vez e clique abre a materia/player[32m 103[2mms[22m[39m
[31m   [31m×[31m Fase D — alertas de estreia e breaking news com som (4.1/4.2)[2m > [22m4.2b — em mobile, a tarja de breaking fica na borda inferior da barra do player e o som respeita o mute global[39m[32m 21[2mms[22m[39m
[31m     → Element type is invalid: expected a string (for built-in components) or a class/function (for composite components) but got: undefined. You likely forgot to export your component from the file it's defined in, or you might have mixed up default and named imports.[39m
   [32m✓[39m Fase D — alertas de estreia e breaking news com som (4.1/4.2)[2m > [22m4.2c — playAlertSound respeita o volume e a opcao 'sem som' do editor (muted) e __resetAudioAlertCache limpa o cache[32m 5[2mms[22m[39m


[31m⎯⎯⎯⎯⎯⎯⎯[39m[1m[41m Failed Tests 1 [49m[22m[31m⎯⎯⎯⎯⎯⎯⎯[39m

[41m[1m FAIL [22m[49m src/test/alerts.test.tsx[2m > [22mFase D — alertas de estreia e breaking news com som (4.1/4.2)[2m > [22m4.2b — em mobile, a tarja de breaking fica na borda inferior da barra do player e o som respeita o mute global
[31m[1mError[22m: Element type is invalid: expected a string (for built-in components) or a class/function (for composite components) but got: undefined. You likely forgot to export your component from the file it's defined in, or you might have mixed up default and named imports.[39m
[90m [2m❯[22m createFiberFromTypeAndProps node_modules/react-dom/cjs/react-dom.development.js:[2m28478:17[22m[39m
[90m [2m❯[22m createFiberFromElement node_modules/react-dom/cjs/react-dom.development.js:[2m28504:15[22m[39m
[90m [2m❯[22m createChild node_modules/react-dom/cjs/react-dom.development.js:[2m13345:28[22m[39m
[90m [2m❯[22m reconcileChildrenArray node_modules/react-dom/cjs/react-dom.development.js:[2m13640:25[22m[39m
[90m [2m❯[22m reconcileChildFibers node_modules/react-dom/cjs/react-dom.development.js:[2m14057:16[22m[39m
[90m [2m❯[22m reconcileChildren node_modules/react-dom/cjs/react-dom.development.js:[2m19186:28[22m[39m
[90m [2m❯[22m updateContextProvider node_modules/react-dom/cjs/react-dom.development.js:[2m21193:3[22m[39m
[90m [2m❯[22m beginWork node_modules/react-dom/cjs/react-dom.development.js:[2m21688:14[22m[39m
[90m [2m❯[22m beginWork$1 node_modules/react-dom/cjs/react-dom.development.js:[2m27465:14[22m[39m
[90m [2m❯[22m performUnitOfWork node_modules/react-dom/cjs/react-dom.development.js:[2m26599:12[22m[39m

[31m[2m⎯⎯⎯⎯⎯⎯⎯⎯⎯⎯⎯⎯⎯⎯⎯⎯⎯⎯⎯⎯⎯⎯⎯⎯[1/1]⎯[22m[39m


[2m Test Files [22m [1m[31m1 failed[39m[22m[90m (1)[39m
[2m      Tests [22m [1m[31m1 failed[39m[22m[2m | [22m[1m[32m3 passed[39m[22m[90m (4)[39m
[2m   Start at [22m 01:17:16
[2m   Duration [22m 4.11s[2m (transform 632ms, setup 268ms, collect 1.23s, tests 362ms, environment 1.22s, prepare 629ms)[22m

